// Jest Snapshot v1, https://goo.gl/fbAQLP

exports[`renders correctly 1`] = `
<a
  className="nav-link example"
  href="/"
  onClick={[Function]}
>
  Example
</a>
`;
