// Jest Snapshot v1, https://goo.gl/fbAQLP

exports[`<App /> renders correctly and match snapshot 1`] = `
<div
  className="App"
>
  <nav
    className="navbar navbar-expand-lg navbar-dark bg-dark"
  >
    <a
      className="nav-link navbar-brand"
      href="/"
      onClick={[Function]}
    >
      Brastlewark
    </a>
    <button
      aria-controls="responsive-navbar-nav"
      aria-label="Toggle navigation"
      className="navbar-toggler collapsed"
      onClick={[Function]}
      type="button"
    >
      <span
        className="navbar-toggler-icon"
      />
    </button>
    <div
      aria-expanded={null}
      className="navbar-collapse collapse"
      id="responsive-navbar-nav"
    >
      <ul
        className="navbar-nav ml-auto"
      >
        <li
          className="nav-item"
        >
          <a
            className="nav-link "
            href="/age"
            onClick={[Function]}
          >
            Age
          </a>
        </li>
        <li
          className="nav-item"
        >
          <a
            className="nav-link "
            href="/weight"
            onClick={[Function]}
          >
            Weight
          </a>
        </li>
        <li
          className="nav-item"
        >
          <a
            className="nav-link "
            href="/height"
            onClick={[Function]}
          >
            Height
          </a>
        </li>
      </ul>
    </div>
  </nav>
</div>
`;
