// Jest Snapshot v1, https://goo.gl/fbAQLP

exports[`<Main /> renders correctly and match snapshot 1`] = `
<main
  className="d-flex flex-col align-items-center justify-content-center py-3"
>
  <div
    className="row"
  >
    <div
      className="col-md-6"
    >
      <a
        className="nav-link "
        href="/welcome"
        onClick={[Function]}
      >
        <div
          className="card"
        >
          <h1
            className="h1 text-primary text-center"
          >
            Welcome
          </h1>
          <p>
            Welcome to Brastlewark
          </p>
        </div>
      </a>
    </div>
    <div
      className="col-md-6"
    >
      <a
        className="nav-link "
        href="/welcome"
        onClick={[Function]}
      >
        <div
          className="card"
        >
          <h1
            className="h1 text-primary text-center"
          >
            Welcome
          </h1>
          <p>
            Welcome to Brastlewark
          </p>
        </div>
      </a>
    </div>
    <div
      className="col-md-6"
    >
      <a
        className="nav-link "
        href="/welcome"
        onClick={[Function]}
      >
        <div
          className="card"
        >
          <h1
            className="h1 text-primary text-center"
          >
            Welcome
          </h1>
          <p>
            Welcome to Brastlewark
          </p>
        </div>
      </a>
    </div>
    <div
      className="col-md-6"
    >
      <a
        className="nav-link "
        href="/welcome"
        onClick={[Function]}
      >
        <div
          className="card"
        >
          <h1
            className="h1 text-primary text-center"
          >
            Welcome
          </h1>
          <p>
            Welcome to Brastlewark
          </p>
        </div>
      </a>
    </div>
  </div>
</main>
`;
