// Jest Snapshot v1, https://goo.gl/fbAQLP

exports[`renders correctly 1`] = `
<ul
  className="navbar-nav ml-auto"
>
  <li
    className="nav-item"
  >
    <a
      className="nav-link "
      href="/age"
      onClick={[Function]}
    >
      Age
    </a>
  </li>
  <li
    className="nav-item"
  >
    <a
      className="nav-link "
      href="/weight"
      onClick={[Function]}
    >
      Weight
    </a>
  </li>
  <li
    className="nav-item"
  >
    <a
      className="nav-link "
      href="/height"
      onClick={[Function]}
    >
      Height
    </a>
  </li>
</ul>
`;
